// Jest Snapshot v1, https://goo.gl/fbAQLP

exports[`HelpIntentScript should return false when given a not IntentRequest 1`] = `
Object {
  "outputSpeech": Object {
    "ssml": "<speak><p>「お知らせ」と「定休日」のどちらかを指定してください</p></speak>",
    "type": "SSML",
  },
  "reprompt": Object {
    "outputSpeech": Object {
      "ssml": "<speak><p>How are you?</p></speak>",
      "type": "SSML",
    },
  },
  "shouldEndSession": false,
}
`;
